[mdp] Patches 1-2 active: NaN-safe reward/advantage
[mdp] Patch 4 active: ONNX export filters passive_* joints
[mdp] Patch 5 active: MICRODUCK_WARM_START=1 restarts curricula after checkpoint load
Setting seed: 2
Warp 1.12.0 initialized:
   CUDA not enabled in this build
   Devices:
     "cpu"      : "arm"
   Kernel cache:
     /Users/zach/Library/Caches/warp/1.12.0
/Users/zach/zx/microduck/microduck_rl/.venv/lib/python3.12/site-packages/mjlab/entity/entity.py:149: UserWarning: Actuator config matched 14 joint(s) but the same expressions also match 7 site(s): imu, left_foot, head_camera, tof, head_imu, mouth_tip, right_foot. Add a separate config with transmission_type=TransmissionType.SITE if those should be actuated too.
  self._add_actuators()
[BamActuator] model='m6' joints=14 kt=0.3660 R=2.8114 vin=range=(6.5, 8.2) drop_gain_range=(0.0, 0.2) force_limit=±1.07Nm friction_base=0.0048 friction_viscous=0.0054 envs=32 device=cpu

+--------------------------------+
|        Base Environment        |
+------------------------+-------+
| Property               | Value |
+------------------------+-------+
| Number of environments | 32    |
| Environment device     | cpu   |
| Environment seed       | 2     |
| Physics step-size      | 0.005 |
| Environment step-size  | 0.02  |
+------------------------+-------+

[INFO] <EventManager> contains 2 active terms.
+-------------------------------------+
| Active Event Terms in Mode: 'reset' |
+-------+-----------------------------+
| Index | Name                        |
+-------+-----------------------------+
|   0   | reset_base                  |
|   1   | reset_robot_joints          |
|   2   | reset_action_history        |
|   3   | set_headstand_spawn         |
|   4   | randomize_com               |
|   5   | randomize_head_com          |
|   6   | randomize_armature          |
|   7   | randomize_joint_friction    |
+-------+-----------------------------+
+---------------------------------------+
| Active Event Terms in Mode: 'startup' |
+-------+-------------------------------+
| Index | Name                          |
+-------+-------------------------------+
|   0   | foot_friction                 |
|   1   | encoder_bias                  |
|   2   | base_com                      |
|   3   | expand_bam_friction_fields    |
|   4   | randomize_mass_inertia        |
+-------+-------------------------------+
+-----------------------------+
| Domain Randomization Fields |
+-------+---------------------+
| Index | Field Name          |
+-------+---------------------+
|   0   | geom_friction       |
|   1   | body_ipos           |
|   2   | body_subtreemass    |
|   3   | dof_invweight0      |
|   4   | body_invweight0     |
|   5   | tendon_length0      |
|   6   | tendon_invweight0   |
|   7   | dof_frictionloss    |
|   8   | dof_damping         |
|   9   | dof_armature        |
|   10  | body_mass           |
|   11  | body_inertia        |
|   12  | body_iquat          |
+-------+---------------------+

Module repeat_array_kernel_39317a34 8b94c13 load on device 'cpu' took 11.16 ms  (cached)
Module repeat_array_kernel_39317a34 83c495b load on device 'cpu' took 0.53 ms  (cached)
Module repeat_array_kernel_39317a34 024b13f load on device 'cpu' took 0.25 ms  (cached)
Module repeat_array_kernel_39317a34 c14a6b4 load on device 'cpu' took 0.22 ms  (cached)
[INFO] <CommandManager> contains 3 active terms.
+------------------------------------------------+
|              Active Command Terms              |
+-------+-----------+----------------------------+
| Index | Name      |            Type            |
+-------+-----------+----------------------------+
|   0   | twist     | VelocityCommandCommandOnly |
|   1   | head_pose |     UniformPoseCommand     |
|   2   | body_pose |     UniformPoseCommand     |
+-------+-----------+----------------------------+

[INFO] <ActionManager> contains 1 active terms.
+---------------------------------+
| Active Action Terms (shape: 14) |
+-------+-----------+-------------+
| Index | Name      |   Dimension |
+-------+-----------+-------------+
|   0   | joint_pos |          14 |
+-------+-----------+-------------+

[INFO] <ObservationManager> contains 2 groups.
+-----------------------------------------------------------+
| Active Observation Terms in Group: 'actor' (shape: (61,)) |
+-----------+----------------------------------+------------+
|   Index   | Name                             |   Shape    |
+-----------+----------------------------------+------------+
|     0     | base_ang_vel                     |    (3,)    |
|     1     | projected_gravity                |    (3,)    |
|     2     | joint_pos                        |   (14,)    |
|     3     | joint_vel                        |   (14,)    |
|     4     | actions                          |   (14,)    |
|     5     | command                          |    (3,)    |
|     6     | head_command                     |    (4,)    |
|     7     | body_command                     |    (6,)    |
+-----------+----------------------------------+------------+
+------------------------------------------------------------+
| Active Observation Terms in Group: 'critic' (shape: (74,)) |
+----------+------------------------------------+------------+
|  Index   | Name                               |   Shape    |
+----------+------------------------------------+------------+
|    0     | base_lin_vel                       |    (3,)    |
|    1     | base_ang_vel                       |    (3,)    |
|    2     | projected_gravity                  |    (3,)    |
|    3     | joint_pos                          |   (14,)    |
|    4     | joint_vel                          |   (14,)    |
|    5     | actions                            |   (14,)    |
|    6     | command                            |    (3,)    |
|    7     | foot_air_time                      |    (2,)    |
|    8     | foot_contact                       |    (2,)    |
|    9     | foot_contact_forces                |    (6,)    |
|    10    | head_command                       |    (4,)    |
|    11    | body_command                       |    (6,)    |
+----------+------------------------------------+------------+

[INFO] <TerminationManager> contains 1 active terms.
+-----------------------------+
|   Active Termination Terms  |
+-------+----------+----------+
| Index | Name     | Time Out |
+-------+----------+----------+
|   0   | time_out |   True   |
+-------+----------+----------+

[INFO] <RewardManager> contains 17 active terms.
+--------------------------------------------+
|            Active Reward Terms             |
+-------+---------------------------+--------+
| Index | Name                      | Weight |
+-------+---------------------------+--------+
|   0   | body_ang_vel              | -0.002 |
|   1   | angular_momentum          | -0.001 |
|   2   | dof_pos_limits            |   -1.0 |
|   3   | action_rate_l2            |  -0.05 |
|   4   | headstand_progress        |   10.0 |
|   5   | headstand_composite       |    4.0 |
|   6   | headstand_inverted_sharp  |    1.5 |
|   7   | headstand_not_inverted    |   -0.5 |
|   8   | headstand_feet_down       |   -1.0 |
|   9   | headstand_other_contact   |   -0.2 |
|   10  | headstand_airborne        |   -2.0 |
|   11  | gentle                    |  0.002 |
|   12  | head_impact               |   -1.0 |
|   13  | headstand_overspeed       |   -0.5 |
|   14  | headstand_arrival_damping |    0.0 |
|   15  | joint_torque_rate_l2      |    0.0 |
|   16  | self_collisions           |   -0.1 |
+-------+---------------------------+--------+

[INFO] <NullCurriculumManager> (inactive)
[INFO] <MetricsManager> contains 1 active terms.
+-------------------------+
|   Active Metrics Terms  |
+-------+-----------------+
| Index | Name            |
+-------+-----------------+
|   0   | mean_action_acc |
+-------+-----------------+

[INFO] <NullRecorderManager> (inactive)
Module mujoco_warp._src.io 0374352 load on device 'cpu' took 2.67 ms  (cached)
Module mujoco_warp._src.smooth 8731313 load on device 'cpu' took 4.37 ms  (cached)
Module _tile_cholesky_factorize__locals__cholesky_factorize_a02b7349 70689db load on device 'cpu' took 4.15 ms  (cached)
Module _tile_cholesky_solve__locals__cholesky_solve_8c82e9f1 b8f2819 load on device 'cpu' took 1.85 ms  (cached)
Module reset_data__locals__reset_xfrc_applied_e7898c5c 1f5e12c load on device 'cpu' took 2.59 ms  (cached)
Module reset_data__locals__reset_qM_10d3c793 f59ca3c load on device 'cpu' took 0.46 ms  (cached)
Module reset_data__locals__reset_mocap_ff71f630 d0e4e7e load on device 'cpu' took 1.54 ms  (cached)
Module reset_data__locals__reset_contact_df686d47 3af0a2f load on device 'cpu' took 15.95 ms  (cached)
Module reset_data__locals__reset_nworld_6e0d904e aef9a67 load on device 'cpu' took 0.57 ms  (cached)
Module mujoco_warp._src.collision_driver eed4cf3 load on device 'cpu' took 0.44 ms  (cached)
Module _nxn_broadphase__locals__kernel_e73b1315 157cf89 load on device 'cpu' took 0.52 ms  (cached)
Module ccd_kernel_builder__locals__ccd_kernel_079dfa94 f710486 load on device 'cpu' took 4.01 ms  (cached)
Module _primitive_narrowphase__locals__primitive_narrowphase_b282a07a b20db85 load on device 'cpu' took 0.94 ms  (cached)
Module mujoco_warp._src.constraint 02b3f03 load on device 'cpu' took 1.32 ms  (cached)
Module _efc_contact_init__locals__kernel_fda71e14 d197232 load on device 'cpu' took 0.96 ms  (cached)
Module _efc_contact_jac_dense__locals__kernel_7974b597 a581aa2 load on device 'cpu' took 0.57 ms  (cached)
Module _efc_contact_update__locals__kernel_90315d53 49b5115 load on device 'cpu' took 0.37 ms  (cached)
Module mujoco_warp._src.sensor 93435cc load on device 'cpu' took 0.66 ms  (cached)
Module mujoco_warp._src.forward 5dcb54e load on device 'cpu' took 1.34 ms  (cached)
Module mujoco_warp._src.passive 12b3435 load on device 'cpu' took 0.52 ms  (cached)
Module mujoco_warp._src.support fda47c6 load on device 'cpu' took 0.40 ms  (cached)
Module _tile_cholesky_factorize_solve__locals__cholesky_factorize_solve_b16bf393 cd62458 load on device 'cpu' took 1.36 ms  (cached)
Module mujoco_warp._src.solver 2f1f5c6 load on device 'cpu' took 1.48 ms  (cached)
Module solve_init_jaref__locals__kernel_5208712d fbe27e4 load on device 'cpu' took 0.43 ms  (cached)
Module mul_m_dense__locals___mul_m_dense_b66df345 db44421 load on device 'cpu' took 0.78 ms  (cached)
Module update_constraint_efc__locals__kernel_32935e9d 7127a83 load on device 'cpu' took 0.37 ms  (cached)
Module update_constraint_gauss_cost__locals__kernel_baf8e129 efdabd1 load on device 'cpu' took 2.23 ms  (cached)
Module update_gradient_JTDAJ_dense_tiled__locals__kernel_9404d42c 6b42f96 load on device 'cpu' took 0.40 ms  (cached)
Module update_gradient_cholesky__locals__kernel_5ee47d83 702e3ec load on device 'cpu' took 0.41 ms  (cached)
Module linesearch_jv_fused__locals__kernel_7bf09094 6b3208c load on device 'cpu' took 0.43 ms  (cached)
Module linesearch_prepare_gauss__locals__kernel_97347d38 0cadf6d load on device 'cpu' took 0.29 ms  (cached)
Module update_constraint_efc__locals__kernel_3c1a9816 0242ddf load on device 'cpu' took 0.40 ms  (cached)
Module _contact_sort__locals__contact_sort_304c86df 71fdfff load on device 'cpu' took 0.77 ms  (cached)
--------------------------------------------------------------------------------
Resolved observation sets: 
	 actor :  ('actor',)
	 critic :  ('critic',)
--------------------------------------------------------------------------------
Actor Model: MLPModel(
  (obs_normalizer): EmpiricalNormalization()
  (distribution): GaussianDistribution()
  (mlp): MLP(
    (0): Linear(in_features=61, out_features=512, bias=True)
    (1): ELU(alpha=1.0)
    (2): Linear(in_features=512, out_features=256, bias=True)
    (3): ELU(alpha=1.0)
    (4): Linear(in_features=256, out_features=128, bias=True)
    (5): ELU(alpha=1.0)
    (6): Linear(in_features=128, out_features=14, bias=True)
  )
)
Critic Model: MLPModel(
  (obs_normalizer): EmpiricalNormalization()
  (mlp): MLP(
    (0): Linear(in_features=74, out_features=512, bias=True)
    (1): ELU(alpha=1.0)
    (2): Linear(in_features=512, out_features=256, bias=True)
    (3): ELU(alpha=1.0)
    (4): Linear(in_features=256, out_features=128, bias=True)
    (5): ELU(alpha=1.0)
    (6): Linear(in_features=128, out_features=1, bias=True)
  )
)
--------------------------------------------------------------------------------
Resolved observation sets: 
	 actor :  ('actor',)
	 critic :  ('critic',)
--------------------------------------------------------------------------------
Actor Model: MLPModel(
  (obs_normalizer): EmpiricalNormalization()
  (distribution): GaussianDistribution()
  (mlp): MLP(
    (0): Linear(in_features=61, out_features=512, bias=True)
    (1): ELU(alpha=1.0)
    (2): Linear(in_features=512, out_features=256, bias=True)
    (3): ELU(alpha=1.0)
    (4): Linear(in_features=256, out_features=128, bias=True)
    (5): ELU(alpha=1.0)
    (6): Linear(in_features=128, out_features=14, bias=True)
  )
)
Critic Model: MLPModel(
  (obs_normalizer): EmpiricalNormalization()
  (mlp): MLP(
    (0): Linear(in_features=74, out_features=512, bias=True)
    (1): ELU(alpha=1.0)
    (2): Linear(in_features=512, out_features=256, bias=True)
    (3): ELU(alpha=1.0)
    (4): Linear(in_features=256, out_features=128, bias=True)
    (5): ELU(alpha=1.0)
    (6): Linear(in_features=128, out_features=1, bias=True)
  )
)
--------------------------------------------------------------------------------
Resolved observation sets: 
	 actor :  ('actor',)
	 critic :  ('critic',)
--------------------------------------------------------------------------------
Actor Model: MLPModel(
  (obs_normalizer): EmpiricalNormalization()
  (distribution): GaussianDistribution()
  (mlp): MLP(
    (0): Linear(in_features=61, out_features=512, bias=True)
    (1): ELU(alpha=1.0)
    (2): Linear(in_features=512, out_features=256, bias=True)
    (3): ELU(alpha=1.0)
    (4): Linear(in_features=256, out_features=128, bias=True)
    (5): ELU(alpha=1.0)
    (6): Linear(in_features=128, out_features=14, bias=True)
  )
)
Critic Model: MLPModel(
  (obs_normalizer): EmpiricalNormalization()
  (mlp): MLP(
    (0): Linear(in_features=74, out_features=512, bias=True)
    (1): ELU(alpha=1.0)
    (2): Linear(in_features=512, out_features=256, bias=True)
    (3): ELU(alpha=1.0)
    (4): Linear(in_features=256, out_features=128, bias=True)
    (5): ELU(alpha=1.0)
    (6): Linear(in_features=128, out_features=1, bias=True)
  )
)
--------------------------------------------------------------------------------
Resolved observation sets: 
	 actor :  ('actor',)
	 critic :  ('critic',)
--------------------------------------------------------------------------------
Actor Model: MLPModel(
  (obs_normalizer): EmpiricalNormalization()
  (distribution): GaussianDistribution()
  (mlp): MLP(
    (0): Linear(in_features=61, out_features=512, bias=True)
    (1): ELU(alpha=1.0)
    (2): Linear(in_features=512, out_features=256, bias=True)
    (3): ELU(alpha=1.0)
    (4): Linear(in_features=256, out_features=128, bias=True)
    (5): ELU(alpha=1.0)
    (6): Linear(in_features=128, out_features=14, bias=True)
  )
)
Critic Model: MLPModel(
  (obs_normalizer): EmpiricalNormalization()
  (mlp): MLP(
    (0): Linear(in_features=74, out_features=512, bias=True)
    (1): ELU(alpha=1.0)
    (2): Linear(in_features=512, out_features=256, bias=True)
    (3): ELU(alpha=1.0)
    (4): Linear(in_features=256, out_features=128, bias=True)
    (5): ELU(alpha=1.0)
    (6): Linear(in_features=128, out_features=1, bias=True)
  )
)
--------------------------------------------------------------------------------
Resolved observation sets: 
	 actor :  ('actor',)
	 critic :  ('critic',)
--------------------------------------------------------------------------------
Actor Model: MLPModel(
  (obs_normalizer): EmpiricalNormalization()
  (distribution): GaussianDistribution()
  (mlp): MLP(
    (0): Linear(in_features=61, out_features=512, bias=True)
    (1): ELU(alpha=1.0)
    (2): Linear(in_features=512, out_features=256, bias=True)
    (3): ELU(alpha=1.0)
    (4): Linear(in_features=256, out_features=128, bias=True)
    (5): ELU(alpha=1.0)
    (6): Linear(in_features=128, out_features=14, bias=True)
  )
)
Critic Model: MLPModel(
  (obs_normalizer): EmpiricalNormalization()
  (mlp): MLP(
    (0): Linear(in_features=74, out_features=512, bias=True)
    (1): ELU(alpha=1.0)
    (2): Linear(in_features=512, out_features=256, bias=True)
    (3): ELU(alpha=1.0)
    (4): Linear(in_features=256, out_features=128, bias=True)
    (5): ELU(alpha=1.0)
    (6): Linear(in_features=128, out_features=1, bias=True)
  )
)
--------------------------------------------------------------------------------
Resolved observation sets: 
	 actor :  ('actor',)
	 critic :  ('critic',)
--------------------------------------------------------------------------------
Actor Model: MLPModel(
  (obs_normalizer): EmpiricalNormalization()
  (distribution): GaussianDistribution()
  (mlp): MLP(
    (0): Linear(in_features=61, out_features=512, bias=True)
    (1): ELU(alpha=1.0)
    (2): Linear(in_features=512, out_features=256, bias=True)
    (3): ELU(alpha=1.0)
    (4): Linear(in_features=256, out_features=128, bias=True)
    (5): ELU(alpha=1.0)
    (6): Linear(in_features=128, out_features=14, bias=True)
  )
)
Critic Model: MLPModel(
  (obs_normalizer): EmpiricalNormalization()
  (mlp): MLP(
    (0): Linear(in_features=74, out_features=512, bias=True)
    (1): ELU(alpha=1.0)
    (2): Linear(in_features=512, out_features=256, bias=True)
    (3): ELU(alpha=1.0)
    (4): Linear(in_features=256, out_features=128, bias=True)
    (5): ELU(alpha=1.0)
    (6): Linear(in_features=128, out_features=1, bias=True)
  )
)
Module mujoco_warp._src.derivative 77f0d4f load on device 'cpu' took 1.15 ms  (cached)
full routine, 32 standing starts, 18 s, resets inside rollout: 0
  1. fold      -> pike     : 32/32 done, at  0.88 s median
  2. legs_together -> legs_together: 31/32 done, at  3.28 s median
  3. roll      -> standing : 30/32 done, at  4.36 s median
  4. settle    -> standing : 30/32 done, at  5.46 s median
  5. fold2     -> pike     : 30/32 done, at  6.31 s median
  6. split     -> split    : 30/32 done, at  8.73 s median
  7. switch    -> mirrored : 30/32 done, at 10.17 s median
  8. splitover -> standing : 30/32 done, at 11.31 s median
  9. settle2   -> standing : 30/32 done, at 12.31 s median
  end states: {'fell_backward': 1, 'flop': 1, 'standing': 30}
    episode  9: stalled at stage 2 (legs_together), ended flop, touching 0 feet other
    episode 10: stalled at stage 3 (roll), ended fell_backward, touching head 1 feet other
  strict success (all holds and final standing): 30/32
